=== PREVIEW: Delete task confirmation dialog (80x24) ===
 [2 of 15]   Implement user authentication system with OAuth...   Context: work 







â•­â”€â”€â”€â”€â”€â”€â”€â”€â”€â”€â”€â”€â”€â”€â”€â”€â”€â”€â”€â”€â”€â”€â”€â”€â”€â”
â”‚                                                                          â”‚
â”‚             Delete this task? This action cannot be undone.              â”‚
â”‚                                                                          â”‚
â”‚                   Press 'y' to confirm, 'n' to cancel                    â”‚
â”‚                                                                          â”‚
â•°â”€â”€â”€â”€â”€â”€â”€â”€â”€â”€â”€â”€â”€â”€â”€â”€â”€â”€â”€â”€â”€â”€â”€â”€â”€â”






