=== PREVIEW: Main task review interface (80x24) ===
 [2 of 15]   Implement user authentication system with OAuth...   Context: work 
â•­â”€â”€â”€â”€â”€â”€â”€â”€â”€â”€â”€â”€â”€â”€â”€â”€â”€â”€â”€â”€â”€â”€â”€â”€â”€â”
â”‚                                                                          â”‚
â”‚  Description:                                                            â”‚
â”‚  Implement user authentication system with OAuth2 support                â”‚
â”‚                                                                          â”‚
â”‚    Project:     webapp               Due:         2024-12-25             â”‚
â”‚    Priority:    H                    Tags:        +auth +security        â”‚
â”‚    +backend                                                              â”‚
â”‚    Status:      pending                                                  â”‚
â”‚                                                                          â”‚
â”‚    UUID: task-uuid-1                                                     â”‚
â”‚                                                                          â”‚
â”‚                                                                          â”‚
â”‚                                                                          â”‚
â”‚                                                                          â”‚
â”‚                                                                          â”‚
â”‚                                                                          â”‚
â•°â”€â”€â”€â”€â”€â”€â”€â”€â”€â”€â”€â”€â”€â”€â”€â”€â”€â”€â”€â”€â”€â”€â”€â”€â”€â”
--------------------========================================--------------------
 Review Progress: =======------------------------------------------------------ 
--------------------------------------------------------------------------------
[36mr: review[0m â€¢ [36mc: complete[0m â€¢ [90m?: more[0m